{
    "SRR24085752": {
        "content": [
            {
                "0": [
                    [
                        {
                            "id": "SRR24085752",
                            "single_end": false,
                            "md5_1": "e67296355980997dde170c602d9cb4c1",
                            "md5_2": "86b4ee5d4860aed0a3a2538a7757cbc8"
                        },
                        "SRR24085752.multiplier.fasta.gz:md5,968840dfa0f56f45294f4a389fb38297"
                    ]
                ],
                "1": [
                    "versions.yml:md5,63c274313e2b305b08175b44dea333a7"
                ],
                "fasta": [
                    [
                        {
                            "id": "SRR24085752",
                            "single_end": false,
                            "md5_1": "e67296355980997dde170c602d9cb4c1",
                            "md5_2": "86b4ee5d4860aed0a3a2538a7757cbc8"
                        },
                        "SRR24085752.multiplier.fasta.gz:md5,968840dfa0f56f45294f4a389fb38297"
                    ]
                ],
                "versions": [
                    "versions.yml:md5,63c274313e2b305b08175b44dea333a7"
                ]
            }
        ],
        "meta": {
            "nf-test": "0.9.0",
            "nextflow": "24.04.4"
        },
        "timestamp": "2024-09-26T08:56:59.40750468"
    },
    "SRR24085752 - min_abund": {
        "content": [
            {
                "0": [
                    [
                        {
                            "id": "SRR24085752",
                            "single_end": false,
                            "md5_1": "e67296355980997dde170c602d9cb4c1",
                            "md5_2": "86b4ee5d4860aed0a3a2538a7757cbc8"
                        },
                        "SRR24085752.multiplier.fasta.gz:md5,86cde1ce79975356d01ec3021c128f7a"
                    ]
                ],
                "1": [
                    "versions.yml:md5,63c274313e2b305b08175b44dea333a7"
                ],
                "fasta": [
                    [
                        {
                            "id": "SRR24085752",
                            "single_end": false,
                            "md5_1": "e67296355980997dde170c602d9cb4c1",
                            "md5_2": "86b4ee5d4860aed0a3a2538a7757cbc8"
                        },
                        "SRR24085752.multiplier.fasta.gz:md5,86cde1ce79975356d01ec3021c128f7a"
                    ]
                ],
                "versions": [
                    "versions.yml:md5,63c274313e2b305b08175b44dea333a7"
                ]
            }
        ],
        "meta": {
            "nf-test": "0.9.0",
            "nextflow": "24.04.4"
        },
        "timestamp": "2024-09-26T08:57:23.827592313"
    },
    "stub": {
        "content": [
            {
                "0": [
                    [
                        {
                            "id": "SRR24085752",
                            "single_end": false,
                            "md5_1": "e67296355980997dde170c602d9cb4c1",
                            "md5_2": "86b4ee5d4860aed0a3a2538a7757cbc8"
                        },
                        "SRR24085752.multiplier.fasta.gz:md5,68b329da9893e34099c7d8ad5cb9c940"
                    ]
                ],
                "1": [
                    "versions.yml:md5,63c274313e2b305b08175b44dea333a7"
                ],
                "fasta": [
                    [
                        {
                            "id": "SRR24085752",
                            "single_end": false,
                            "md5_1": "e67296355980997dde170c602d9cb4c1",
                            "md5_2": "86b4ee5d4860aed0a3a2538a7757cbc8"
                        },
                        "SRR24085752.multiplier.fasta.gz:md5,68b329da9893e34099c7d8ad5cb9c940"
                    ]
                ],
                "versions": [
                    "versions.yml:md5,63c274313e2b305b08175b44dea333a7"
                ]
            }
        ],
        "meta": {
            "nf-test": "0.9.0",
            "nextflow": "24.04.4"
        },
        "timestamp": "2024-09-25T15:06:11.035592819"
    }
}