{
    "sarscov2 - fasta - stub": {
        "content": [
            {
                "0": [
                    [
                        {
                            "id": "test"
                        },
                        "test.trfinder.tsv:md5,d41d8cd98f00b204e9800998ecf8427e"
                    ]
                ],
                "1": [
                    [
                        {
                            "id": "test"
                        },
                        "test.trfinder.fasta.gz:md5,68b329da9893e34099c7d8ad5cb9c940"
                    ]
                ],
                "2": [
                    "versions.yml:md5,91a389197c000ebb900407b463186b1b"
                ],
                "fasta": [
                    [
                        {
                            "id": "test"
                        },
                        "test.trfinder.fasta.gz:md5,68b329da9893e34099c7d8ad5cb9c940"
                    ]
                ],
                "stats": [
                    [
                        {
                            "id": "test"
                        },
                        "test.trfinder.tsv:md5,d41d8cd98f00b204e9800998ecf8427e"
                    ]
                ],
                "versions": [
                    "versions.yml:md5,91a389197c000ebb900407b463186b1b"
                ]
            }
        ],
        "meta": {
            "nf-test": "0.9.0",
            "nextflow": "24.04.4"
        },
        "timestamp": "2024-09-11T08:35:07.872918605"
    },
    "sarscov2 - fasta": {
        "content": [
            {
                "0": [
                    [
                        {
                            "id": "test"
                        },
                        "test.trfinder.tsv:md5,1c003987a2e5e73949ffd4050e7dba62"
                    ]
                ],
                "1": [
                    [
                        {
                            "id": "test"
                        },
                        "test.trfinder.fasta.gz:md5,ae3e6408a26271d4b3f3920daf379a8c"
                    ]
                ],
                "2": [
                    "versions.yml:md5,91a389197c000ebb900407b463186b1b"
                ],
                "fasta": [
                    [
                        {
                            "id": "test"
                        },
                        "test.trfinder.fasta.gz:md5,ae3e6408a26271d4b3f3920daf379a8c"
                    ]
                ],
                "stats": [
                    [
                        {
                            "id": "test"
                        },
                        "test.trfinder.tsv:md5,1c003987a2e5e73949ffd4050e7dba62"
                    ]
                ],
                "versions": [
                    "versions.yml:md5,91a389197c000ebb900407b463186b1b"
                ]
            }
        ],
        "meta": {
            "nf-test": "0.9.0",
            "nextflow": "24.04.4"
        },
        "timestamp": "2024-10-11T11:33:48.567362834"
    }
}