{
    "sarscov2 - fasta - stub": {
        "content": [
            {
                "0": [
                    [
                        {
                            "id": "test"
                        },
                        "test.trfinder.tsv:md5,d41d8cd98f00b204e9800998ecf8427e"
                    ]
                ],
                "1": [
                    [
                        {
                            "id": "test"
                        },
                        "test.trfinder.fasta.gz:md5,68b329da9893e34099c7d8ad5cb9c940"
                    ]
                ],
                "2": [
                    "versions.yml:md5,91a389197c000ebb900407b463186b1b"
                ],
                "fasta": [
                    [
                        {
                            "id": "test"
                        },
                        "test.trfinder.fasta.gz:md5,68b329da9893e34099c7d8ad5cb9c940"
                    ]
                ],
                "stats": [
                    [
                        {
                            "id": "test"
                        },
                        "test.trfinder.tsv:md5,d41d8cd98f00b204e9800998ecf8427e"
                    ]
                ],
                "versions": [
                    "versions.yml:md5,91a389197c000ebb900407b463186b1b"
                ]
            }
        ],
        "meta": {
            "nf-test": "0.9.0",
            "nextflow": "24.04.4"
        },
        "timestamp": "2024-09-11T08:35:07.872918605"
    },
    "sarscov2 - fasta": {
        "content": [
            {
                "0": [
                    [
                        {
                            "id": "test"
                        },
                        "test.trfinder.tsv:md5,e5bebaac45561e6a7a2a3d88baa42985"
                    ]
                ],
                "1": [
                    [
                        {
                            "id": "test"
                        },
                        "test.trfinder.fasta.gz:md5,4404f9d64e3cbdced310646cbc2738da"
                    ]
                ],
                "2": [
                    "versions.yml:md5,91a389197c000ebb900407b463186b1b"
                ],
                "fasta": [
                    [
                        {
                            "id": "test"
                        },
                        "test.trfinder.fasta.gz:md5,4404f9d64e3cbdced310646cbc2738da"
                    ]
                ],
                "stats": [
                    [
                        {
                            "id": "test"
                        },
                        "test.trfinder.tsv:md5,e5bebaac45561e6a7a2a3d88baa42985"
                    ]
                ],
                "versions": [
                    "versions.yml:md5,91a389197c000ebb900407b463186b1b"
                ]
            }
        ],
        "meta": {
            "nf-test": "0.9.0",
            "nextflow": "24.04.4"
        },
        "timestamp": "2024-09-11T08:33:53.83466655"
    }
}