{
    "Test with minimal disk usage": {
        "content": [
            [
                [
                    [
                        "group-pe.txt:md5,0cc68d826d9b551d86bc33a9baa9aaef",
                        "test_pe1.txt:md5,9e97298befff28905292f7ff8fe5b444",
                        "test_pe2.txt:md5,57b4d977be1d08b99a78d2b85ca47be6"
                    ],
                    [
                        [
                            "group-pe_cobra.fasta.gz:md5,06fd803ad60de943d86f9aa7b3ff6660"
                        ],
                        [
                            "group-pe_cobra.fasta.gz:md5,932d1128225d3656218cb95fae398065"
                        ],
                        [
                            "test_pe1_cobra.fasta.gz:md5,079321965d874a1320e8e3e2b36f1acf"
                        ],
                        [
                            "test_pe1_cobra.fasta.gz:md5,6fb3cbe16c86600961f593aa1c5be440"
                        ],
                        [
                            "test_pe2_cobra.fasta.gz:md5,2734c429aac3a7a391d9dedad8c085e4"
                        ],
                        [
                            "test_pe2_cobra.fasta.gz:md5,cc5ccdbf5cf57f31ce7987c0b7217d79"
                        ]
                    ]
                ],
                [
                    [
                        "test_pe1.cobra.log:md5,34329e8ebe128b8f062c968bbcb6b06d",
                        "test_pe1_COBRA_extended.fasta.gz:md5,22e7e906d2a3ee49bc9ef89cb5370d20",
                        "test_pe1_COBRA_joining_summary.txt:md5,f7e3204f28d59790801ba67a1162b38b",
                        "versions.yml:md5,e5870113ec8c5aea20fc906e0b0496e9"
                    ],
                    [
                        "test_pe1.cobra.log:md5,43fe29bbff70e90a0b8892f7e6e80126",
                        "test_pe1_COBRA_extended.fasta.gz:md5,fbd2dff835862902506e7059869c37de",
                        "test_pe1_COBRA_joining_summary.txt:md5,eaac79d23c020342de03e543ac540b7e",
                        "versions.yml:md5,e5870113ec8c5aea20fc906e0b0496e9"
                    ],
                    [
                        "test_pe2.cobra.log:md5,ef77bdcb261cff4e065a91566e70efbf",
                        "test_pe2_COBRA_extended.fasta.gz:md5,68b329da9893e34099c7d8ad5cb9c940",
                        "test_pe2_COBRA_joining_summary.txt:md5,d41d8cd98f00b204e9800998ecf8427e",
                        "versions.yml:md5,e5870113ec8c5aea20fc906e0b0496e9"
                    ],
                    [
                        "test_pe2.cobra.log:md5,0efd9b7118ffd096e268421db42f3469",
                        "test_pe2_COBRA_extended.fasta.gz:md5,31a216b4e8d1ddb07301404435503eff",
                        "test_pe2_COBRA_joining_summary.txt:md5,7bbe98f736da39341b847e8accc0ded9",
                        "versions.yml:md5,e5870113ec8c5aea20fc906e0b0496e9"
                    ]
                ],
                [
                    [
                        "test_pe1.log:md5,6f25c8bf8610d7ce446adc291a8cf2c0",
                        "test_pe1_alignment_results.tsv:md5,9879d305306e1b2ddc1d3ffba9cb2ce5",
                        "test_pe2.log:md5,0880facfaf6543bebc576675d1b590e6",
                        "test_pe2_alignment_results.tsv:md5,81d3b5c68d900cde3b3e0a7a9c98e5c7"
                    ]
                ]
            ],
            [
                [
                    [
                        "group-pe.pyrodigalgv.faa.gz:md5,faede96c7cd020f2228709f4e0757c11"
                    ],
                    [
                        "group-pe.pyrodigalgv.faa.gz:md5,139ae7c83243be72b55c79227bc45e73"
                    ],
                    [
                        "group-pe.pyrodigalgv.faa.gz:md5,8655b34c473de4d82d9ac6ec9c8a925f"
                    ],
                    [
                        "test_pe1.pyrodigalgv.faa.gz:md5,4d3ea9c8b5052794227d29794b3d7c1d"
                    ],
                    [
                        "test_pe1.pyrodigalgv.faa.gz:md5,3583992eb63757b8e818c8de80252f8a"
                    ],
                    [
                        "test_pe1.pyrodigalgv.faa.gz:md5,509588fddc02ea3624385a05ebcfdf37"
                    ],
                    [
                        "test_pe2.pyrodigalgv.faa.gz:md5,cbd2e924bc1e9a9d8a0462dcec1085c7"
                    ],
                    [
                        "test_pe2.pyrodigalgv.faa.gz:md5,049020e40fa563143676905ca0b6b471"
                    ],
                    [
                        "test_pe2.pyrodigalgv.faa.gz:md5,1e3c1a52039644af24ce4a3b86c09bd6"
                    ]
                ],
                [
                    [
                        [
                            "group-pe.length_filtered.fasta.gz:md5,06fd803ad60de943d86f9aa7b3ff6660"
                        ],
                        [
                            "group-pe.length_filtered.fasta.gz:md5,74fbb58fdc2fc7c2116a5cfd6849a514"
                        ],
                        [
                            "group-pe.length_filtered.fasta.gz:md5,932d1128225d3656218cb95fae398065"
                        ],
                        [
                            "test_pe1.length_filtered.fasta.gz:md5,515d06183732693feb8b09cd481fd654"
                        ],
                        [
                            "test_pe1.length_filtered.fasta.gz:md5,6038aff3948f8c14588bd80936285dde"
                        ],
                        [
                            "test_pe1.length_filtered.fasta.gz:md5,8db80819856cf312a9447e13839cf3e8"
                        ],
                        [
                            "test_pe2.length_filtered.fasta.gz:md5,2734c429aac3a7a391d9dedad8c085e4"
                        ],
                        [
                            "test_pe2.length_filtered.fasta.gz:md5,b47e56975f984d61cc525d420f66baa5"
                        ],
                        [
                            "test_pe2.length_filtered.fasta.gz:md5,e02aa020975a8707ef87daad6aace628"
                        ],
                        [
                            "test_se1.length_filtered.fasta.gz:md5,d41d8cd98f00b204e9800998ecf8427e"
                        ],
                        [
                            "test_se1.length_filtered.fasta.gz:md5,d41d8cd98f00b204e9800998ecf8427e"
                        ]
                    ],
                    [
                        [
                            "group-pe.tsv:md5,08f89869d95c7482d874304e31be8dbc"
                        ],
                        [
                            "group-pe.tsv:md5,bdb013bc0e9a5857a0be96ccd993d255"
                        ],
                        [
                            "group-pe.tsv:md5,63ab473e83c1044bffb455aa1fd22daf"
                        ],
                        [
                            "test_pe1.tsv:md5,01b65116bfbfe3ff212c1ab307240bb6"
                        ],
                        [
                            "test_pe1.tsv:md5,3bc6d0a42491bdad89cab218d7721c05"
                        ],
                        [
                            "test_pe1.tsv:md5,d65e64aa2e7f91f6091cc86edbf00739"
                        ],
                        [
                            "test_pe2.tsv:md5,3f33b1a19c26984fc615f4671bf5ee80"
                        ],
                        [
                            "test_pe2.tsv:md5,0f5e902206fb8caf2f450d351b5fa1c9"
                        ],
                        [
                            "test_pe2.tsv:md5,fb0f17ba4afd65a91cdb1e9b997540f6"
                        ]
                    ]
                ],
                [
                    [
                        "group-pe.tantan.bed:md5,40bb8d94ed3c5147f37fe2485289f667"
                    ],
                    [
                        "group-pe.tantan.bed:md5,f76a9468dd28c6b0eb10fa75e3de2ef7"
                    ],
                    [
                        "group-pe.tantan.bed:md5,925038f38b2af07d1093b81c1547cd9a"
                    ],
                    [
                        "test_pe1.tantan.bed:md5,884ba1ccb779367189fbf0b152593896"
                    ],
                    [
                        "test_pe1.tantan.bed:md5,bae99d077a86ed28587415f6db55cdce"
                    ],
                    [
                        "test_pe1.tantan.bed:md5,ca718bd058c2f0c9b30e88b2f004fc48"
                    ],
                    [
                        "test_pe2.tantan.bed:md5,fd7f13411e5df1cf302f4f9a478dede8"
                    ],
                    [
                        "test_pe2.tantan.bed:md5,de344b96099e44c8359f4ee556c3990e"
                    ],
                    [
                        "test_pe2.tantan.bed:md5,d41d8cd98f00b204e9800998ecf8427e"
                    ]
                ],
                [
                    [
                        "group-pe.trfinder.fasta.gz:md5,d41d8cd98f00b204e9800998ecf8427e",
                        "group-pe.trfinder.tsv:md5,6da0da20dcb0b8679b930b58ef1d6b37",
                        "versions.yml:md5,97a356d8c2af74e792b5b301d3cd5e7e"
                    ],
                    [
                        "group-pe.trfinder.fasta.gz:md5,d41d8cd98f00b204e9800998ecf8427e",
                        "group-pe.trfinder.tsv:md5,6da0da20dcb0b8679b930b58ef1d6b37",
                        "versions.yml:md5,97a356d8c2af74e792b5b301d3cd5e7e"
                    ],
                    [
                        "group-pe.trfinder.fasta.gz:md5,ef7a7e5955a1297a6a1f545a6a2e6ce2",
                        "group-pe.trfinder.tsv:md5,5773fbe4e899eccf22ba690bf898f12c",
                        "versions.yml:md5,97a356d8c2af74e792b5b301d3cd5e7e"
                    ],
                    [
                        "test_pe1.trfinder.fasta.gz:md5,d41d8cd98f00b204e9800998ecf8427e",
                        "test_pe1.trfinder.tsv:md5,6da0da20dcb0b8679b930b58ef1d6b37",
                        "versions.yml:md5,97a356d8c2af74e792b5b301d3cd5e7e"
                    ],
                    [
                        "test_pe1.trfinder.fasta.gz:md5,d41d8cd98f00b204e9800998ecf8427e",
                        "test_pe1.trfinder.tsv:md5,6da0da20dcb0b8679b930b58ef1d6b37",
                        "versions.yml:md5,97a356d8c2af74e792b5b301d3cd5e7e"
                    ],
                    [
                        "test_pe1.trfinder.fasta.gz:md5,d41d8cd98f00b204e9800998ecf8427e",
                        "test_pe1.trfinder.tsv:md5,6da0da20dcb0b8679b930b58ef1d6b37",
                        "versions.yml:md5,97a356d8c2af74e792b5b301d3cd5e7e"
                    ],
                    [
                        "test_pe2.trfinder.fasta.gz:md5,d41d8cd98f00b204e9800998ecf8427e",
                        "test_pe2.trfinder.tsv:md5,6da0da20dcb0b8679b930b58ef1d6b37",
                        "versions.yml:md5,97a356d8c2af74e792b5b301d3cd5e7e"
                    ],
                    [
                        "test_pe2.trfinder.fasta.gz:md5,d41d8cd98f00b204e9800998ecf8427e",
                        "test_pe2.trfinder.tsv:md5,6da0da20dcb0b8679b930b58ef1d6b37",
                        "versions.yml:md5,97a356d8c2af74e792b5b301d3cd5e7e"
                    ],
                    [
                        "test_pe2.trfinder.fasta.gz:md5,d41d8cd98f00b204e9800998ecf8427e",
                        "test_pe2.trfinder.tsv:md5,6da0da20dcb0b8679b930b58ef1d6b37",
                        "versions.yml:md5,97a356d8c2af74e792b5b301d3cd5e7e"
                    ]
                ]
            ],
            [
                [
                    [
                        [
                            "test_pe1.bam:md5,6f60772bcc0d248d35088ab2939825bf",
                            "test_pe1.bowtie2.log:md5,04cb8ca8b09dc41d9bec43c71daf14d7",
                            "test_pe1.unmapped_1.fastq.gz:md5,4d64fd49b7e213e1a69d8449e5456a40",
                            "test_pe1.unmapped_2.fastq.gz:md5,eadea74c85072e804e3f7febc696c992",
                            "versions.yml:md5,106dffc2ddbf5b74f84f4621bc2291c9"
                        ],
                        [
                            "test_pe2.bam:md5,343edb1fa5c280417ccf932449e4d382",
                            "test_pe2.bowtie2.log:md5,0c5d1e72962e9a2f116dfdd2555f1f99",
                            "test_pe2.unmapped_1.fastq.gz:md5,521c71a0997dff6ae5c7c3910ae94693",
                            "test_pe2.unmapped_2.fastq.gz:md5,c84d0d686226d40662c3c58e70f869e2",
                            "versions.yml:md5,106dffc2ddbf5b74f84f4621bc2291c9"
                        ],
                        [
                            "test_se1.bam:md5,02989735bd2fd20309dd4d1b7f38bab3",
                            "test_se1.bowtie2.log:md5,7aba69d8f16e880fdac902a6e1f833b4",
                            "test_se1.unmapped.fastq.gz:md5,86e27fbd368b534399f2ca43f03e70f0",
                            "versions.yml:md5,106dffc2ddbf5b74f84f4621bc2291c9"
                        ]
                    ]
                ]
            ],
            [
                [
                    [
                        [
                            "group-pe.busco_hmms.tsv:md5,ec9e362888ab07a9c116445d0e6d593b",
                            "group-pe.busco_markers.tsv:md5,eceefb0a92f88be28025f47f7c5e02e4"
                        ],
                        [
                            "group-pe.busco_hmms.tsv:md5,4d2f23896d5dfaed4a53beda775d5354",
                            "group-pe.busco_markers.tsv:md5,43757a53fbb2b8e28559b1fc02c77498"
                        ],
                        [
                            "group-pe.busco_hmms.tsv:md5,aae40aede3dbbf2f0db13949868ad6dc",
                            "group-pe.busco_markers.tsv:md5,f899890d53a76a1c1d6ab667e5fef749"
                        ],
                        [
                            "test_pe1.busco_hmms.tsv:md5,85240f8c85bdc6ad2c4ac06b128412f3",
                            "test_pe1.busco_markers.tsv:md5,db44463331c239ebea29aecacb01e571"
                        ],
                        [
                            "test_pe1.busco_hmms.tsv:md5,3ce93a744f4779be5e51e9813b2746e1",
                            "test_pe1.busco_markers.tsv:md5,f188cd91411247ff35341d8756762c66"
                        ],
                        [
                            "test_pe1.busco_hmms.tsv:md5,f40d15c39fd8b94175d99703c98e0d17",
                            "test_pe1.busco_markers.tsv:md5,b57f51861276af910d56f85cf621269c"
                        ],
                        [
                            "test_pe2.busco_hmms.tsv:md5,f40d15c39fd8b94175d99703c98e0d17",
                            "test_pe2.busco_markers.tsv:md5,83453855c7e2361016baaf03c4369311"
                        ],
                        [
                            "test_pe2.busco_hmms.tsv:md5,f40d15c39fd8b94175d99703c98e0d17",
                            "test_pe2.busco_markers.tsv:md5,5cf4b40ab166c4c66b15286b16fec175"
                        ],
                        [
                            "test_pe2.busco_hmms.tsv:md5,f40d15c39fd8b94175d99703c98e0d17",
                            "test_pe2.busco_markers.tsv:md5,0dae176a64424134c0012cbb50485205"
                        ]
                    ],
                    [
                        [
                            "group-pe.plasmid_hmms.tsv:md5,d4d18f2c9e027b5e08533a1deb2b0681",
                            "group-pe.plasmid_markers.tsv:md5,a8544df5d8be1191c07427e3e94608aa"
                        ],
                        [
                            "group-pe.plasmid_hmms.tsv:md5,b22872132e8296f72b82742910174ec8",
                            "group-pe.plasmid_markers.tsv:md5,fc304f9c314c733336434467844963a6"
                        ],
                        [
                            "group-pe.plasmid_hmms.tsv:md5,1a3d736dbee085d441bd7fc1aee0b13b",
                            "group-pe.plasmid_markers.tsv:md5,779c6b19b8b48c627c1cb0ba305fca2a"
                        ],
                        [
                            "test_pe1.plasmid_hmms.tsv:md5,f40d15c39fd8b94175d99703c98e0d17",
                            "test_pe1.plasmid_markers.tsv:md5,d65907deb86f1417eb20ff85876b4453"
                        ],
                        [
                            "test_pe1.plasmid_hmms.tsv:md5,697728aca40925db0221848994ee85d5",
                            "test_pe1.plasmid_markers.tsv:md5,465aa6278ea4a8d3710f7fc9713e7a31"
                        ],
                        [
                            "test_pe1.plasmid_hmms.tsv:md5,f40d15c39fd8b94175d99703c98e0d17",
                            "test_pe1.plasmid_markers.tsv:md5,b57f51861276af910d56f85cf621269c"
                        ],
                        [
                            "test_pe2.plasmid_hmms.tsv:md5,f40d15c39fd8b94175d99703c98e0d17",
                            "test_pe2.plasmid_markers.tsv:md5,83453855c7e2361016baaf03c4369311"
                        ],
                        [
                            "test_pe2.plasmid_hmms.tsv:md5,f40d15c39fd8b94175d99703c98e0d17",
                            "test_pe2.plasmid_markers.tsv:md5,5cf4b40ab166c4c66b15286b16fec175"
                        ],
                        [
                            "test_pe2.plasmid_hmms.tsv:md5,f40d15c39fd8b94175d99703c98e0d17",
                            "test_pe2.plasmid_markers.tsv:md5,0dae176a64424134c0012cbb50485205"
                        ]
                    ],
                    [
                        [
                            "group-pe.virus_hmms.tsv:md5,f40d15c39fd8b94175d99703c98e0d17",
                            "group-pe.virus_markers.tsv:md5,167b948d67c6827ddc23597e4a13a93a"
                        ],
                        [
                            "group-pe.virus_hmms.tsv:md5,f40d15c39fd8b94175d99703c98e0d17",
                            "group-pe.virus_markers.tsv:md5,3ca2b9d790b4e7eb0826897a212e9e92"
                        ],
                        [
                            "group-pe.virus_hmms.tsv:md5,f40d15c39fd8b94175d99703c98e0d17",
                            "group-pe.virus_markers.tsv:md5,15c2b0babadc181436ec25ae0a9edb03"
                        ],
                        [
                            "test_pe1.virus_hmms.tsv:md5,f40d15c39fd8b94175d99703c98e0d17",
                            "test_pe1.virus_markers.tsv:md5,d65907deb86f1417eb20ff85876b4453"
                        ],
                        [
                            "test_pe1.virus_hmms.tsv:md5,f40d15c39fd8b94175d99703c98e0d17",
                            "test_pe1.virus_markers.tsv:md5,a2a811c963d212d2fc91571bd9c9688a"
                        ],
                        [
                            "test_pe1.virus_hmms.tsv:md5,f40d15c39fd8b94175d99703c98e0d17",
                            "test_pe1.virus_markers.tsv:md5,b57f51861276af910d56f85cf621269c"
                        ],
                        [
                            "test_pe2.virus_hmms.tsv:md5,f40d15c39fd8b94175d99703c98e0d17",
                            "test_pe2.virus_markers.tsv:md5,83453855c7e2361016baaf03c4369311"
                        ],
                        [
                            "test_pe2.virus_hmms.tsv:md5,f40d15c39fd8b94175d99703c98e0d17",
                            "test_pe2.virus_markers.tsv:md5,5cf4b40ab166c4c66b15286b16fec175"
                        ],
                        [
                            "test_pe2.virus_hmms.tsv:md5,f40d15c39fd8b94175d99703c98e0d17",
                            "test_pe2.virus_markers.tsv:md5,0dae176a64424134c0012cbb50485205"
                        ]
                    ]
                ]
            ],
            [
                [
                    [
                        [
                            "group-pe.contigs.fa.gz:md5,29e21753cf07a7b0e837ca26cb830e24",
                            "group-pe.gfa.gz:md5,d0b75f5ac733fcfe290fe65c28d44923",
                            "group-pe.megahit.log:md5,f76d7cc5835bce8337d556c9c934b399",
                            "versions.yml:md5,8d1ad15b964fceae6e0b282801bf0006"
                        ]
                    ],
                    [
                        [
                            "test_pe1.contigs.fa.gz:md5,3981ab0e0d61c909d65aa3f6df412e1d",
                            "test_pe1.gfa.gz:md5,acf800c7bd940b89e9e2ab656a755633",
                            "test_pe1.megahit.log:md5,93da20c09c672706ddea12614e0645ca",
                            "versions.yml:md5,5c221b0f421227928ea568c9166e7774"
                        ],
                        [
                            "test_pe2.contigs.fa.gz:md5,9a00981afb0446db1da0a9d3632afd03",
                            "test_pe2.gfa.gz:md5,d329569f5074389d89f927f5fd4fa157",
                            "test_pe2.megahit.log:md5,5e0fe383b195bea24b6ea3c26a2526e2",
                            "versions.yml:md5,5c221b0f421227928ea568c9166e7774"
                        ],
                        [
                            "test_se1.contigs.fa.gz:md5,aa9887d81b219429bedc3725bd949d8f",
                            "test_se1.gfa.gz:md5,68d04e85ac02f4e98c5112ba77f5dc66",
                            "test_se1.megahit.log:md5,3ac452c97b5d57eb27acbf3f86039f9b",
                            "versions.yml:md5,5c221b0f421227928ea568c9166e7774"
                        ]
                    ]
                ],
                [
                    [
                        [
                            [
                                "group-pe.fasta.gz:md5,fa01c1df3144346c0531cb649021ee2f",
                                "group-pe.penguin.log:md5,29c5cf92bce55e55ef8188a3b44b1f71",
                                "versions.yml:md5,83d716196eb8328ef41dc9036b768141"
                            ]
                        ],
                        [
                            [
                                "test_pe1.fasta.gz:md5,f246531ac177a09e9739a3b4efadc0e2",
                                "test_pe1.penguin.log:md5,5a635c50169fc8a91d38a00915b8e28b",
                                "versions.yml:md5,2cdd57796a0642a45c070702861c3287"
                            ],
                            [
                                "test_pe2.fasta.gz:md5,f3a00ebcf86012ae05c09b5a11e21000",
                                "test_pe2.penguin.log:md5,c2a96650f10cbf00dc86b22fabd5c28d",
                                "versions.yml:md5,2cdd57796a0642a45c070702861c3287"
                            ],
                            [
                                "test_se1.fasta.gz:md5,387314f7772c11751e9bb0b2a5394ad8",
                                "test_se1.penguin.log:md5,327d7feeec05061e5fd97b3d1a1bb395",
                                "versions.yml:md5,2cdd57796a0642a45c070702861c3287"
                            ]
                        ]
                    ]
                ],
                [
                    [
                        [
                            "group-pe.assembly.gfa.gz:md5,a6079c2a1c31c60a97b44996ef665105",
                            "group-pe.contigs.fa.gz:md5,d4e5329080831422560678ca1a3a7c65",
                            "group-pe.scaffolds.fa.gz:md5,57a9be397d2732d42b5c5dae5d05242b",
                            "group-pe.spades.log:md5,0de328c8c4887090fa305ad4e2e69fc1",
                            "versions.yml:md5,035d4570de3e33d581c99cbd019ed0a6"
                        ]
                    ],
                    [
                        [
                            "test_pe1.assembly.gfa.gz:md5,7aff31a8e4aa5fcf497fafc4bfc5ab26",
                            "test_pe1.contigs.fa.gz:md5,bd313b506fae88c4197935573429bd94",
                            "test_pe1.scaffolds.fa.gz:md5,8e52449b1a63795e7733c6897f604bca",
                            "test_pe1.spades.log:md5,a762f46bd62e3de5a543117679a56a20",
                            "versions.yml:md5,c9b2aa610930cc75161696979b6aa698"
                        ],
                        [
                            "test_pe2.assembly.gfa.gz:md5,90c7fb15f1e9995de372a34815dc5843",
                            "test_pe2.contigs.fa.gz:md5,33d2b75e5bc787f399b320f3c42acc18",
                            "test_pe2.scaffolds.fa.gz:md5,851555a01f63b5b1dc75ba5502db9672",
                            "test_pe2.spades.log:md5,e3cfde2d97dffc20236bffda0a8de945",
                            "versions.yml:md5,c9b2aa610930cc75161696979b6aa698"
                        ]
                    ]
                ]
            ],
            [
                [
                    "test_pe1.fastp.json:md5,1d2ab548ed5242506fc2c616caf3c4ea",
                    "test_pe1_1.fastp.fastq.gz:md5,0057157e70a9c0e29ed33c9534e4fde1",
                    "test_pe1_2.fastp.fastq.gz:md5,adfca59a9c0ee4cb9c582d02b227caba",
                    "test_pe2.fastp.json:md5,aa69fe6660963cafeeb65e59969b672c",
                    "test_pe2_1.fastp.fastq.gz:md5,b3976e3925873d15626f4755c31ffb3c",
                    "test_pe2_2.fastp.fastq.gz:md5,dd2b780ff5f1adedd06ae5a25b262809",
                    "test_se1.fastp.fastq.gz:md5,2ebae722295ea66d84075a3b042e2b42",
                    "test_se1.fastp.json:md5,dc0c261ceed4a9677ccc55cf313d33c3"
                ]
            ],
            [
                [
                    [
                        "test_se1.merged.fastq.gz:md5,86e27fbd368b534399f2ca43f03e70f0"
                    ]
                ]
            ]
        ],
        "meta": {
            "nf-test": "0.9.0",
            "nextflow": "24.04.4"
        },
        "timestamp": "2024-09-24T08:14:08.50318947"
    }
}