{
    "fastq full test": {
        "content": [
            [
                [
                    [
                        "test_pe1.bowtie2.log:md5,e31445531b9c9f64743c35fd9f7bf813",
                        "test_pe2.bowtie2.log:md5,fb967944891311058a2c8f2255cfe118",
                        "test_se1.bowtie2.log:md5,b1c50b5c00a9cef153f73946e7dc0203"
                    ]
                ]
            ]
        ],
        "meta": {
            "nf-test": "0.9.0",
            "nextflow": "24.04.4"
        },
        "timestamp": "2024-09-03T15:58:10.877761697"
    }
}
