{
    "lambda - fastq.gz - fasta.gz - gfa.gz": {
        "content": [
            {
                "0": [
                    [
                        {
                            "id": "test1",
                            "extension": "phables"
                        },
                        "test1.phables.fasta.gz:md5,f8002e736576e646d5204488a7b32ec4"
                    ],
                    [
                        {
                            "id": "test2",
                            "extension": "phables"
                        },
                        "test2.phables.fasta.gz:md5,9c1b16b637bb6944107d382401801a4a"
                    ]
                ],
                "1": [
                    "versions.yml:md5,30e3cdccc896087caf1f8d734d03a63a",
                    "versions.yml:md5,b56e74776e8ee3e6c3d06622e91f28b8"
                ],
                "fasta_gz": [
                    [
                        {
                            "id": "test1",
                            "extension": "phables"
                        },
                        "test1.phables.fasta.gz:md5,f8002e736576e646d5204488a7b32ec4"
                    ],
                    [
                        {
                            "id": "test2",
                            "extension": "phables"
                        },
                        "test2.phables.fasta.gz:md5,9c1b16b637bb6944107d382401801a4a"
                    ]
                ],
                "versions": [
                    "versions.yml:md5,30e3cdccc896087caf1f8d734d03a63a",
                    "versions.yml:md5,b56e74776e8ee3e6c3d06622e91f28b8"
                ]
            }
        ],
        "meta": {
            "nf-test": "0.9.0",
            "nextflow": "24.04.4"
        },
        "timestamp": "2024-09-13T13:55:26.602849168"
    }
}