{
    "b_fragilis - fasta.gz - test_full - no_use_trfinder_fasta": {
        "content": [
            [
                [
                    {
                        "id": "test1",
                        "single_end": false
                    },
                    "test1.fasta.gz:md5,3cf8c1a4763b87f32c857445f52b6298"
                ],
                [
                    {
                        "id": "test2",
                        "single_end": false
                    },
                    "test2.fasta.gz:md5,18506b644ebc70bf3e7ff4fd2d926ba6"
                ]
            ],
            [
                [
                    {
                        "id": "test1",
                        "single_end": false
                    },
                    "test1.trfinder.tsv:md5,61cd57f2eaa7c0fbe888d1044d2faabd"
                ],
                [
                    {
                        "id": "test2",
                        "single_end": false
                    },
                    "test2.trfinder.tsv:md5,6da0da20dcb0b8679b930b58ef1d6b37"
                ]
            ],
            [
                [
                    {
                        "id": "test1",
                        "single_end": false
                    },
                    "test1.tantan.bed:md5,fc3d20cd7e527e95c3d22a946a87ab44"
                ],
                [
                    {
                        "id": "test2",
                        "single_end": false
                    },
                    "test2.tantan.bed:md5,930569ee5636d5074c6f16e759e98f8d"
                ]
            ],
            [
                [
                    {
                        "id": "test1",
                        "single_end": false
                    },
                    "test1.pyrodigalgv.faa.gz:md5,8076af8dbfe94befc1b1109feda0a496"
                ],
                [
                    {
                        "id": "test2",
                        "single_end": false
                    },
                    "test2.pyrodigalgv.faa.gz:md5,c02607e2bdbb089432df818556b9bf7d"
                ]
            ],
            [
                [
                    {
                        "id": "test1",
                        "single_end": false
                    },
                    "test1.seq_stats.tsv:md5,4bd751cc2a413a190237b5178bd9dbc3"
                ],
                [
                    {
                        "id": "test2",
                        "single_end": false
                    },
                    "test2.seq_stats.tsv:md5,8d1212e0c09b0f6dc307745f01b9cc87"
                ]
            ],
            [
                "versions.yml:md5,392b05b9d43cbafe064a081c282320fe",
                "versions.yml:md5,596afa312531d0d3792208995eefcd17",
                "versions.yml:md5,5e34cc4a0298e5f6a08e1535535d433a",
                "versions.yml:md5,7fc6411588198e2ba4fa376ebd1693f5",
                "versions.yml:md5,8389bfeefee665cfb3b2f8dfa1db1425",
                "versions.yml:md5,e8ec02b947534ec679a4a66713c6219a"
            ]
        ],
        "meta": {
            "nf-test": "0.9.0",
            "nextflow": "24.04.4"
        },
        "timestamp": "2024-09-13T13:54:44.166989344"
    },
    "b_fragilis - fasta.gz - test_full - use_trfinder_fasta": {
        "content": [
            [
                [
                    {
                        "id": "test1",
                        "single_end": false
                    },
                    "test1.trfinder.fasta.gz:md5,4404f9d64e3cbdced310646cbc2738da"
                ]
            ],
            [
                [
                    {
                        "id": "test1",
                        "single_end": false
                    },
                    "test1.trfinder.tsv:md5,61cd57f2eaa7c0fbe888d1044d2faabd"
                ],
                [
                    {
                        "id": "test2",
                        "single_end": false
                    },
                    "test2.trfinder.tsv:md5,6da0da20dcb0b8679b930b58ef1d6b37"
                ]
            ],
            [
                [
                    {
                        "id": "test1",
                        "single_end": false
                    },
                    "test1.tantan.bed:md5,47593581eaaf37e971b8f2627ec6b966"
                ]
            ],
            [
                [
                    {
                        "id": "test1",
                        "single_end": false
                    },
                    "test1.pyrodigalgv.faa.gz:md5,c864fea6ae239363a4f17569586e0659"
                ]
            ],
            [
                [
                    {
                        "id": "test1",
                        "single_end": false
                    },
                    "test1.seq_stats.tsv:md5,917c32f7897bf3ed31618ccdd5e5f144"
                ]
            ],
            [
                "versions.yml:md5,392b05b9d43cbafe064a081c282320fe",
                "versions.yml:md5,596afa312531d0d3792208995eefcd17",
                "versions.yml:md5,5e34cc4a0298e5f6a08e1535535d433a",
                "versions.yml:md5,7fc6411588198e2ba4fa376ebd1693f5",
                "versions.yml:md5,8389bfeefee665cfb3b2f8dfa1db1425",
                "versions.yml:md5,e8ec02b947534ec679a4a66713c6219a"
            ]
        ],
        "meta": {
            "nf-test": "0.9.0",
            "nextflow": "24.04.4"
        },
        "timestamp": "2024-09-13T13:53:00.450055146"
    },
    "b_fragilis - fasta.gz - test_nothing": {
        "content": [
            [
                [
                    {
                        "id": "test1",
                        "single_end": false
                    },
                    "test1.fasta.gz:md5,3cf8c1a4763b87f32c857445f52b6298"
                ],
                [
                    {
                        "id": "test2",
                        "single_end": false
                    },
                    "test2.fasta.gz:md5,18506b644ebc70bf3e7ff4fd2d926ba6"
                ]
            ],
            [
                [
                    
                ]
            ],
            [
                [
                    
                ]
            ],
            [
                [
                    {
                        "id": "test1",
                        "single_end": false
                    },
                    "test1.pyrodigalgv.faa.gz:md5,8076af8dbfe94befc1b1109feda0a496"
                ],
                [
                    {
                        "id": "test2",
                        "single_end": false
                    },
                    "test2.pyrodigalgv.faa.gz:md5,c02607e2bdbb089432df818556b9bf7d"
                ]
            ],
            [
                [
                    
                ]
            ],
            [
                "versions.yml:md5,5e34cc4a0298e5f6a08e1535535d433a",
                "versions.yml:md5,e8ec02b947534ec679a4a66713c6219a"
            ]
        ],
        "meta": {
            "nf-test": "0.9.0",
            "nextflow": "24.04.4"
        },
        "timestamp": "2024-09-13T13:47:27.976712921"
    }
}