{
    "host_removal: local index input": {
        "content": [
            [
                "versions.yml:md5,127a4928fdfb0700dfdbbee4ff669d91",
                "versions.yml:md5,1ae9481fbb2bf3f462487296b5ab7964",
                "versions.yml:md5,684df08c07c6a52aae4311da0e1ad081",
                "versions.yml:md5,684df08c07c6a52aae4311da0e1ad081"
            ]
        ],
        "meta": {
            "nf-test": "0.9.0",
            "nextflow": "24.04.4"
        },
        "timestamp": "2024-09-03T11:31:37.364833814"
    },
    "host_removal: local fasta input": {
        "content": [
            [
                "versions.yml:md5,127a4928fdfb0700dfdbbee4ff669d91",
                "versions.yml:md5,1ae9481fbb2bf3f462487296b5ab7964",
                "versions.yml:md5,684df08c07c6a52aae4311da0e1ad081",
                "versions.yml:md5,684df08c07c6a52aae4311da0e1ad081",
                "versions.yml:md5,cc09282175c89ea39438e509d5e487ad"
            ]
        ],
        "meta": {
            "nf-test": "0.9.0",
            "nextflow": "24.04.4"
        },
        "timestamp": "2024-09-03T11:32:27.035859924"
    },
    "host_removal: igenomes input": {
        "content": [
            [
                "versions.yml:md5,127a4928fdfb0700dfdbbee4ff669d91",
                "versions.yml:md5,1ae9481fbb2bf3f462487296b5ab7964",
                "versions.yml:md5,684df08c07c6a52aae4311da0e1ad081",
                "versions.yml:md5,684df08c07c6a52aae4311da0e1ad081"
            ]
        ],
        "meta": {
            "nf-test": "0.9.0",
            "nextflow": "24.04.4"
        },
        "timestamp": "2024-09-03T11:30:44.475720685"
    }
}