{
    "SRR24085752": {
        "content": [
            {
                "0": [
                    [
                        {
                            "id": "SRR24085752",
                            "single_end": false,
                            "md5_1": "e67296355980997dde170c602d9cb4c1",
                            "md5_2": "86b4ee5d4860aed0a3a2538a7757cbc8"
                        },
                        "SRR24085752.contigs.fa.gz:md5,5673115466baa83cc844215658ef356f"
                    ]
                ],
                "1": [
                    "versions.yml:md5,aa8d131d33f1ce17df9609c2286e9692"
                ],
                "fasta": [
                    [
                        {
                            "id": "SRR24085752",
                            "single_end": false,
                            "md5_1": "e67296355980997dde170c602d9cb4c1",
                            "md5_2": "86b4ee5d4860aed0a3a2538a7757cbc8"
                        },
                        "SRR24085752.contigs.fa.gz:md5,5673115466baa83cc844215658ef356f"
                    ]
                ],
                "versions": [
                    "versions.yml:md5,aa8d131d33f1ce17df9609c2286e9692"
                ]
            }
        ],
        "meta": {
            "nf-test": "0.9.0",
            "nextflow": "24.04.4"
        },
        "timestamp": "2024-09-26T14:10:46.668697572"
    },
    "stub": {
        "content": [
            {
                "0": [
                    [
                        {
                            "id": "SRR24085752",
                            "single_end": false,
                            "md5_1": "e67296355980997dde170c602d9cb4c1",
                            "md5_2": "86b4ee5d4860aed0a3a2538a7757cbc8"
                        },
                        "SRR24085752.contigs.fa.gz:md5,68b329da9893e34099c7d8ad5cb9c940"
                    ]
                ],
                "1": [
                    "versions.yml:md5,aa8d131d33f1ce17df9609c2286e9692"
                ],
                "fasta": [
                    [
                        {
                            "id": "SRR24085752",
                            "single_end": false,
                            "md5_1": "e67296355980997dde170c602d9cb4c1",
                            "md5_2": "86b4ee5d4860aed0a3a2538a7757cbc8"
                        },
                        "SRR24085752.contigs.fa.gz:md5,68b329da9893e34099c7d8ad5cb9c940"
                    ]
                ],
                "versions": [
                    "versions.yml:md5,aa8d131d33f1ce17df9609c2286e9692"
                ]
            }
        ],
        "meta": {
            "nf-test": "0.9.0",
            "nextflow": "24.04.4"
        },
        "timestamp": "2024-09-26T14:11:06.328122085"
    }
}