{
    "lambda - fastq.gz - gfa.gz": {
        "content": [
            {
                "0": [
                    [
                        {
                            "id": "test1",
                            "assembler": "megahit",
                            "extension": "phables"
                        },
                        "test1.phables.fasta.gz:md5,f8002e736576e646d5204488a7b32ec4"
                    ],
                    [
                        {
                            "id": "test2",
                            "assembler": "megahit",
                            "extension": "phables"
                        },
                        "test2.phables.fasta.gz:md5,9c1b16b637bb6944107d382401801a4a"
                    ]
                ],
                "1": [
                    "versions.yml:md5,21c483deedf8fc9e41d5e8a81b7c0824",
                    "versions.yml:md5,ec6f034ecb089b7936942d58aa025e41",
                    "versions.yml:md5,ec6f034ecb089b7936942d58aa025e41"
                ],
                "fasta_gz": [
                    [
                        {
                            "id": "test1",
                            "assembler": "megahit",
                            "extension": "phables"
                        },
                        "test1.phables.fasta.gz:md5,f8002e736576e646d5204488a7b32ec4"
                    ],
                    [
                        {
                            "id": "test2",
                            "assembler": "megahit",
                            "extension": "phables"
                        },
                        "test2.phables.fasta.gz:md5,9c1b16b637bb6944107d382401801a4a"
                    ]
                ],
                "versions": [
                    "versions.yml:md5,21c483deedf8fc9e41d5e8a81b7c0824",
                    "versions.yml:md5,ec6f034ecb089b7936942d58aa025e41",
                    "versions.yml:md5,ec6f034ecb089b7936942d58aa025e41"
                ]
            }
        ],
        "meta": {
            "nf-test": "0.9.0",
            "nextflow": "24.04.4"
        },
        "timestamp": "2024-09-10T20:59:51.758160046"
    }
}
