{
    "sarscov2 - fastq - se": {
        "content": [
            [
                [
                    {
                        "id": "test",
                        "single_end": true
                    },
                    "test.contigs.fa.gz:md5,06b460f221b75d26dd65ec8bfff45bf6"
                ]
            ],
            [
                [
                    {
                        "id": "test",
                        "single_end": true
                    },
                    "test.gfa.gz:md5,617ff12a7a83eebe21ce38eb199309d5"
                ]
            ],
            [
                "versions.yml:md5,e3c0731297c9abe2f495ab6d541ac0e6"
            ],
            "test.megahit.log"
        ],
        "meta": {
            "nf-test": "0.9.0",
            "nextflow": "24.04.4"
        },
        "timestamp": "2024-10-07T15:43:04.042373858"
    },
    "sarscov2 - fastq - pe": {
        "content": [
            [
                [
                    {
                        "id": "test",
                        "single_end": false
                    },
                    "test.contigs.fa.gz:md5,1837b0488e3ddce5d1df96d7195c0e9f"
                ]
            ],
            [
                [
                    {
                        "id": "test",
                        "single_end": false
                    },
                    "test.gfa.gz:md5,798df978a1e1d64a75585e79217b17a7"
                ]
            ],
            [
                "versions.yml:md5,e3c0731297c9abe2f495ab6d541ac0e6"
            ],
            "test.megahit.log"
        ],
        "meta": {
            "nf-test": "0.9.0",
            "nextflow": "24.04.4"
        },
        "timestamp": "2024-10-07T15:43:29.910194839"
    },
    "stub": {
        "content": [
            {
                "0": [
                    [
                        {
                            "id": "test",
                            "single_end": true
                        },
                        "test.contigs.fa.gz:md5,68b329da9893e34099c7d8ad5cb9c940"
                    ]
                ],
                "1": [
                    [
                        {
                            "id": "test",
                            "single_end": true
                        },
                        "test.megahit.log:md5,d41d8cd98f00b204e9800998ecf8427e"
                    ]
                ],
                "2": [
                    [
                        {
                            "id": "test",
                            "single_end": true
                        },
                        "test.gfa.gz:md5,68b329da9893e34099c7d8ad5cb9c940"
                    ]
                ],
                "3": [
                    "versions.yml:md5,e3c0731297c9abe2f495ab6d541ac0e6"
                ],
                "contigs": [
                    [
                        {
                            "id": "test",
                            "single_end": true
                        },
                        "test.contigs.fa.gz:md5,68b329da9893e34099c7d8ad5cb9c940"
                    ]
                ],
                "gfa": [
                    [
                        {
                            "id": "test",
                            "single_end": true
                        },
                        "test.gfa.gz:md5,68b329da9893e34099c7d8ad5cb9c940"
                    ]
                ],
                "log": [
                    [
                        {
                            "id": "test",
                            "single_end": true
                        },
                        "test.megahit.log:md5,d41d8cd98f00b204e9800998ecf8427e"
                    ]
                ],
                "versions": [
                    "versions.yml:md5,e3c0731297c9abe2f495ab6d541ac0e6"
                ]
            }
        ],
        "meta": {
            "nf-test": "0.9.0",
            "nextflow": "24.04.4"
        },
        "timestamp": "2024-10-07T15:44:00.456746439"
    }
}