{
    "no trfinder": {
        "content": [
            {
                "0": [
                    [
                        {
                            "id": "test"
                        },
                        "test_combined_data.tsv:md5,42650b20c37ee077616ad8b18951ec8e"
                    ]
                ],
                "1": [
                    "versions.yml:md5,88090d1f72893f444df03b15337f4164"
                ],
                "tsv": [
                    [
                        {
                            "id": "test"
                        },
                        "test_combined_data.tsv:md5,42650b20c37ee077616ad8b18951ec8e"
                    ]
                ],
                "versions": [
                    "versions.yml:md5,88090d1f72893f444df03b15337f4164"
                ]
            }
        ],
        "meta": {
            "nf-test": "0.9.0",
            "nextflow": "24.04.4"
        },
        "timestamp": "2024-10-16T14:38:02.527752864"
    },
    "no tantan": {
        "content": [
            {
                "0": [
                    [
                        {
                            "id": "test"
                        },
                        "test_combined_data.tsv:md5,976f8011cec3aa3eb42a09e05a1f0845"
                    ]
                ],
                "1": [
                    "versions.yml:md5,88090d1f72893f444df03b15337f4164"
                ],
                "tsv": [
                    [
                        {
                            "id": "test"
                        },
                        "test_combined_data.tsv:md5,976f8011cec3aa3eb42a09e05a1f0845"
                    ]
                ],
                "versions": [
                    "versions.yml:md5,88090d1f72893f444df03b15337f4164"
                ]
            }
        ],
        "meta": {
            "nf-test": "0.9.0",
            "nextflow": "24.04.4"
        },
        "timestamp": "2024-10-16T14:39:44.17688071"
    },
    "no nucleotide stats": {
        "content": [
            {
                "0": [
                    [
                        {
                            "id": "test"
                        },
                        "test_combined_data.tsv:md5,976f8011cec3aa3eb42a09e05a1f0845"
                    ]
                ],
                "1": [
                    "versions.yml:md5,88090d1f72893f444df03b15337f4164"
                ],
                "tsv": [
                    [
                        {
                            "id": "test"
                        },
                        "test_combined_data.tsv:md5,976f8011cec3aa3eb42a09e05a1f0845"
                    ]
                ],
                "versions": [
                    "versions.yml:md5,88090d1f72893f444df03b15337f4164"
                ]
            }
        ],
        "meta": {
            "nf-test": "0.9.0",
            "nextflow": "24.04.4"
        },
        "timestamp": "2024-10-16T14:39:23.821703716"
    },
    "all files - stub": {
        "content": [
            {
                "0": [
                    [
                        {
                            "id": "test"
                        },
                        "test_combined_data.tsv:md5,d41d8cd98f00b204e9800998ecf8427e"
                    ]
                ],
                "1": [
                    "versions.yml:md5,88090d1f72893f444df03b15337f4164"
                ],
                "tsv": [
                    [
                        {
                            "id": "test"
                        },
                        "test_combined_data.tsv:md5,d41d8cd98f00b204e9800998ecf8427e"
                    ]
                ],
                "versions": [
                    "versions.yml:md5,88090d1f72893f444df03b15337f4164"
                ]
            }
        ],
        "meta": {
            "nf-test": "0.9.0",
            "nextflow": "24.04.4"
        },
        "timestamp": "2024-10-08T06:56:21.834965823"
    },
    "no checkv": {
        "content": [
            {
                "0": [
                    [
                        {
                            "id": "test"
                        },
                        "test_combined_data.tsv:md5,b7b397fa03dd02f636805198caf8d3f0"
                    ]
                ],
                "1": [
                    "versions.yml:md5,88090d1f72893f444df03b15337f4164"
                ],
                "tsv": [
                    [
                        {
                            "id": "test"
                        },
                        "test_combined_data.tsv:md5,b7b397fa03dd02f636805198caf8d3f0"
                    ]
                ],
                "versions": [
                    "versions.yml:md5,88090d1f72893f444df03b15337f4164"
                ]
            }
        ],
        "meta": {
            "nf-test": "0.9.0",
            "nextflow": "24.04.4"
        },
        "timestamp": "2024-10-16T14:39:03.331099619"
    },
    "no pyhmmer": {
        "content": [
            {
                "0": [
                    [
                        {
                            "id": "test"
                        },
                        "test_combined_data.tsv:md5,0462d65ebf0bea1e258d4305e4a97a9d"
                    ]
                ],
                "1": [
                    "versions.yml:md5,88090d1f72893f444df03b15337f4164"
                ],
                "tsv": [
                    [
                        {
                            "id": "test"
                        },
                        "test_combined_data.tsv:md5,0462d65ebf0bea1e258d4305e4a97a9d"
                    ]
                ],
                "versions": [
                    "versions.yml:md5,88090d1f72893f444df03b15337f4164"
                ]
            }
        ],
        "meta": {
            "nf-test": "0.9.0",
            "nextflow": "24.04.4"
        },
        "timestamp": "2024-10-16T14:38:43.15879205"
    },
    "no genomad": {
        "content": [
            {
                "0": [
                    [
                        {
                            "id": "test"
                        },
                        "test_combined_data.tsv:md5,13cee2c2b7c0053e55c5addf928b69ce"
                    ]
                ],
                "1": [
                    "versions.yml:md5,88090d1f72893f444df03b15337f4164"
                ],
                "tsv": [
                    [
                        {
                            "id": "test"
                        },
                        "test_combined_data.tsv:md5,13cee2c2b7c0053e55c5addf928b69ce"
                    ]
                ],
                "versions": [
                    "versions.yml:md5,88090d1f72893f444df03b15337f4164"
                ]
            }
        ],
        "meta": {
            "nf-test": "0.9.0",
            "nextflow": "24.04.4"
        },
        "timestamp": "2024-10-16T14:38:22.581422177"
    },
    "all files": {
        "content": [
            {
                "0": [
                    [
                        {
                            "id": "test"
                        },
                        "test_combined_data.tsv:md5,994630010252576f5cfa9c3863a3ddcf"
                    ]
                ],
                "1": [
                    "versions.yml:md5,88090d1f72893f444df03b15337f4164"
                ],
                "tsv": [
                    [
                        {
                            "id": "test"
                        },
                        "test_combined_data.tsv:md5,994630010252576f5cfa9c3863a3ddcf"
                    ]
                ],
                "versions": [
                    "versions.yml:md5,88090d1f72893f444df03b15337f4164"
                ]
            }
        ],
        "meta": {
            "nf-test": "0.9.0",
            "nextflow": "24.04.4"
        },
        "timestamp": "2024-10-16T14:37:41.900235079"
    }
}