{
    "all inputs": {
        "content": [
            {
                "0": [
                    [
                        {
                            "id": "paired_end_no_fasta",
                            "run": "1",
                            "group": "group1",
                            "single_end": false
                        },
                        [
                            "/nf-core/test-datasets/modules/data/genomics/sarscov2/illumina/fastq/test_1.fastq.gz",
                            "/nf-core/test-datasets/modules/data/genomics/sarscov2/illumina/fastq/test_2.fastq.gz"
                        ]
                    ],
                    [
                        {
                            "id": "paired_end_no_fasta",
                            "run": "2",
                            "group": "group1",
                            "single_end": false
                        },
                        [
                            "/nf-core/test-datasets/modules/data/genomics/sarscov2/illumina/fastq/test_1.fastq.gz",
                            "/nf-core/test-datasets/modules/data/genomics/sarscov2/illumina/fastq/test_2.fastq.gz"
                        ]
                    ],
                    [
                        {
                            "id": "paired_end_w_fasta",
                            "run": "1",
                            "group": "group1",
                            "single_end": false
                        },
                        [
                            "/nf-core/test-datasets/modules/data/genomics/sarscov2/illumina/fastq/test_1.fastq.gz",
                            "/nf-core/test-datasets/modules/data/genomics/sarscov2/illumina/fastq/test_2.fastq.gz"
                        ]
                    ],
                    [
                        {
                            "id": "single_end_no_fasta",
                            "run": "1",
                            "group": "group1",
                            "single_end": true
                        },
                        [
                            "/nf-core/test-datasets/modules/data/genomics/sarscov2/illumina/fastq/test_1.fastq.gz"
                        ]
                    ],
                    [
                        {
                            "id": "single_end_no_fasta",
                            "run": "2",
                            "group": "group1",
                            "single_end": true
                        },
                        [
                            "/nf-core/test-datasets/modules/data/genomics/sarscov2/illumina/fastq/test_1.fastq.gz"
                        ]
                    ],
                    [
                        {
                            "id": "single_end_w_fasta",
                            "run": "1",
                            "group": "group1",
                            "single_end": true
                        },
                        [
                            "/nf-core/test-datasets/modules/data/genomics/sarscov2/illumina/fastq/test_1.fastq.gz"
                        ]
                    ],
                    [
                        {
                            "id": "test2_1",
                            "run": 0,
                            "group": "test2_1",
                            "single_end": true
                        },
                        [
                            "/nf-core/test-datasets/modules/data/genomics/sarscov2/illumina/fastq/test2_1.fastq.gz"
                        ]
                    ],
                    [
                        {
                            "id": "test_1",
                            "run": 0,
                            "group": "test_1",
                            "single_end": true
                        },
                        [
                            "/nf-core/test-datasets/modules/data/genomics/sarscov2/illumina/fastq/test_1.fastq.gz"
                        ]
                    ],
                    [
                        {
                            "id": "test_2",
                            "run": 0,
                            "group": "test_2",
                            "single_end": true
                        },
                        [
                            "/nf-core/test-datasets/modules/data/genomics/sarscov2/illumina/fastq/test_2.fastq.gz"
                        ]
                    ]
                ],
                "1": [
                    [
                        {
                            "id": "/nf-core/test-datasets/modules/data/genomics/sarscov2/genome/genome.fasta.gz",
                            "run": 0,
                            "group": "/nf-core/test-datasets/modules/data/genomics/sarscov2/genome/genome.fasta.gz"
                        },
                        "/nf-core/test-datasets/modules/data/genomics/sarscov2/genome/genome.fasta.gz"
                    ],
                    [
                        {
                            "id": "/nf-core/test-datasets/modules/data/genomics/sarscov2/genome/proteome.fasta.gz",
                            "run": 0,
                            "group": "/nf-core/test-datasets/modules/data/genomics/sarscov2/genome/proteome.fasta.gz"
                        },
                        "/nf-core/test-datasets/modules/data/genomics/sarscov2/genome/proteome.fasta.gz"
                    ],
                    [
                        {
                            "id": "fasta_no_run_or_group",
                            "run": "0",
                            "group": "fasta_no_run_or_group",
                            "single_end": true
                        },
                        "/nf-core/test-datasets/modules/data/genomics/sarscov2/genome/genome.fasta.gz"
                    ],
                    [
                        {
                            "id": "fasta_only",
                            "run": "1",
                            "group": "group1",
                            "single_end": true
                        },
                        "/nf-core/test-datasets/modules/data/genomics/sarscov2/genome/genome.fasta.gz"
                    ],
                    [
                        {
                            "id": "paired_end_w_fasta",
                            "run": "1",
                            "group": "group1",
                            "single_end": false
                        },
                        "/nf-core/test-datasets/modules/data/genomics/sarscov2/genome/genome.fasta.gz"
                    ],
                    [
                        {
                            "id": "single_end_w_fasta",
                            "run": "1",
                            "group": "group1",
                            "single_end": true
                        },
                        "/nf-core/test-datasets/modules/data/genomics/sarscov2/genome/genome.fasta.gz"
                    ]
                ],
                "2": [
                    
                ],
                "fastas": [
                    [
                        {
                            "id": "/nf-core/test-datasets/modules/data/genomics/sarscov2/genome/genome.fasta.gz",
                            "run": 0,
                            "group": "/nf-core/test-datasets/modules/data/genomics/sarscov2/genome/genome.fasta.gz"
                        },
                        "/nf-core/test-datasets/modules/data/genomics/sarscov2/genome/genome.fasta.gz"
                    ],
                    [
                        {
                            "id": "/nf-core/test-datasets/modules/data/genomics/sarscov2/genome/proteome.fasta.gz",
                            "run": 0,
                            "group": "/nf-core/test-datasets/modules/data/genomics/sarscov2/genome/proteome.fasta.gz"
                        },
                        "/nf-core/test-datasets/modules/data/genomics/sarscov2/genome/proteome.fasta.gz"
                    ],
                    [
                        {
                            "id": "fasta_no_run_or_group",
                            "run": "0",
                            "group": "fasta_no_run_or_group",
                            "single_end": true
                        },
                        "/nf-core/test-datasets/modules/data/genomics/sarscov2/genome/genome.fasta.gz"
                    ],
                    [
                        {
                            "id": "fasta_only",
                            "run": "1",
                            "group": "group1",
                            "single_end": true
                        },
                        "/nf-core/test-datasets/modules/data/genomics/sarscov2/genome/genome.fasta.gz"
                    ],
                    [
                        {
                            "id": "paired_end_w_fasta",
                            "run": "1",
                            "group": "group1",
                            "single_end": false
                        },
                        "/nf-core/test-datasets/modules/data/genomics/sarscov2/genome/genome.fasta.gz"
                    ],
                    [
                        {
                            "id": "single_end_w_fasta",
                            "run": "1",
                            "group": "group1",
                            "single_end": true
                        },
                        "/nf-core/test-datasets/modules/data/genomics/sarscov2/genome/genome.fasta.gz"
                    ]
                ],
                "fastqs": [
                    [
                        {
                            "id": "paired_end_no_fasta",
                            "run": "1",
                            "group": "group1",
                            "single_end": false
                        },
                        [
                            "/nf-core/test-datasets/modules/data/genomics/sarscov2/illumina/fastq/test_1.fastq.gz",
                            "/nf-core/test-datasets/modules/data/genomics/sarscov2/illumina/fastq/test_2.fastq.gz"
                        ]
                    ],
                    [
                        {
                            "id": "paired_end_no_fasta",
                            "run": "2",
                            "group": "group1",
                            "single_end": false
                        },
                        [
                            "/nf-core/test-datasets/modules/data/genomics/sarscov2/illumina/fastq/test_1.fastq.gz",
                            "/nf-core/test-datasets/modules/data/genomics/sarscov2/illumina/fastq/test_2.fastq.gz"
                        ]
                    ],
                    [
                        {
                            "id": "paired_end_w_fasta",
                            "run": "1",
                            "group": "group1",
                            "single_end": false
                        },
                        [
                            "/nf-core/test-datasets/modules/data/genomics/sarscov2/illumina/fastq/test_1.fastq.gz",
                            "/nf-core/test-datasets/modules/data/genomics/sarscov2/illumina/fastq/test_2.fastq.gz"
                        ]
                    ],
                    [
                        {
                            "id": "single_end_no_fasta",
                            "run": "1",
                            "group": "group1",
                            "single_end": true
                        },
                        [
                            "/nf-core/test-datasets/modules/data/genomics/sarscov2/illumina/fastq/test_1.fastq.gz"
                        ]
                    ],
                    [
                        {
                            "id": "single_end_no_fasta",
                            "run": "2",
                            "group": "group1",
                            "single_end": true
                        },
                        [
                            "/nf-core/test-datasets/modules/data/genomics/sarscov2/illumina/fastq/test_1.fastq.gz"
                        ]
                    ],
                    [
                        {
                            "id": "single_end_w_fasta",
                            "run": "1",
                            "group": "group1",
                            "single_end": true
                        },
                        [
                            "/nf-core/test-datasets/modules/data/genomics/sarscov2/illumina/fastq/test_1.fastq.gz"
                        ]
                    ],
                    [
                        {
                            "id": "test2_1",
                            "run": 0,
                            "group": "test2_1",
                            "single_end": true
                        },
                        [
                            "/nf-core/test-datasets/modules/data/genomics/sarscov2/illumina/fastq/test2_1.fastq.gz"
                        ]
                    ],
                    [
                        {
                            "id": "test_1",
                            "run": 0,
                            "group": "test_1",
                            "single_end": true
                        },
                        [
                            "/nf-core/test-datasets/modules/data/genomics/sarscov2/illumina/fastq/test_1.fastq.gz"
                        ]
                    ],
                    [
                        {
                            "id": "test_2",
                            "run": 0,
                            "group": "test_2",
                            "single_end": true
                        },
                        [
                            "/nf-core/test-datasets/modules/data/genomics/sarscov2/illumina/fastq/test_2.fastq.gz"
                        ]
                    ]
                ],
                "versions": [
                    
                ]
            }
        ],
        "meta": {
            "nf-test": "0.9.0",
            "nextflow": "24.04.4"
        },
        "timestamp": "2024-09-02T22:37:26.559842733"
    },
    "fastq only": {
        "content": [
            {
                "0": [
                    [
                        {
                            "id": "test2_1",
                            "run": 0,
                            "group": "test2_1",
                            "single_end": true
                        },
                        [
                            "/nf-core/test-datasets/modules/data/genomics/sarscov2/illumina/fastq/test2_1.fastq.gz"
                        ]
                    ],
                    [
                        {
                            "id": "test_1",
                            "run": 0,
                            "group": "test_1",
                            "single_end": true
                        },
                        [
                            "/nf-core/test-datasets/modules/data/genomics/sarscov2/illumina/fastq/test_1.fastq.gz"
                        ]
                    ],
                    [
                        {
                            "id": "test_2",
                            "run": 0,
                            "group": "test_2",
                            "single_end": true
                        },
                        [
                            "/nf-core/test-datasets/modules/data/genomics/sarscov2/illumina/fastq/test_2.fastq.gz"
                        ]
                    ]
                ],
                "1": [
                    
                ],
                "2": [
                    
                ],
                "fastas": [
                    
                ],
                "fastqs": [
                    [
                        {
                            "id": "test2_1",
                            "run": 0,
                            "group": "test2_1",
                            "single_end": true
                        },
                        [
                            "/nf-core/test-datasets/modules/data/genomics/sarscov2/illumina/fastq/test2_1.fastq.gz"
                        ]
                    ],
                    [
                        {
                            "id": "test_1",
                            "run": 0,
                            "group": "test_1",
                            "single_end": true
                        },
                        [
                            "/nf-core/test-datasets/modules/data/genomics/sarscov2/illumina/fastq/test_1.fastq.gz"
                        ]
                    ],
                    [
                        {
                            "id": "test_2",
                            "run": 0,
                            "group": "test_2",
                            "single_end": true
                        },
                        [
                            "/nf-core/test-datasets/modules/data/genomics/sarscov2/illumina/fastq/test_2.fastq.gz"
                        ]
                    ]
                ],
                "versions": [
                    
                ]
            }
        ],
        "meta": {
            "nf-test": "0.9.0",
            "nextflow": "24.04.4"
        },
        "timestamp": "2024-09-02T22:36:45.815817457"
    },
    "samplesheet only": {
        "content": [
            {
                "0": [
                    [
                        {
                            "id": "paired_end_no_fasta",
                            "run": "1",
                            "group": "group1",
                            "single_end": false
                        },
                        [
                            "/nf-core/test-datasets/modules/data/genomics/sarscov2/illumina/fastq/test_1.fastq.gz",
                            "/nf-core/test-datasets/modules/data/genomics/sarscov2/illumina/fastq/test_2.fastq.gz"
                        ]
                    ],
                    [
                        {
                            "id": "paired_end_no_fasta",
                            "run": "2",
                            "group": "group1",
                            "single_end": false
                        },
                        [
                            "/nf-core/test-datasets/modules/data/genomics/sarscov2/illumina/fastq/test_1.fastq.gz",
                            "/nf-core/test-datasets/modules/data/genomics/sarscov2/illumina/fastq/test_2.fastq.gz"
                        ]
                    ],
                    [
                        {
                            "id": "paired_end_w_fasta",
                            "run": "1",
                            "group": "group1",
                            "single_end": false
                        },
                        [
                            "/nf-core/test-datasets/modules/data/genomics/sarscov2/illumina/fastq/test_1.fastq.gz",
                            "/nf-core/test-datasets/modules/data/genomics/sarscov2/illumina/fastq/test_2.fastq.gz"
                        ]
                    ],
                    [
                        {
                            "id": "single_end_no_fasta",
                            "run": "1",
                            "group": "group1",
                            "single_end": true
                        },
                        [
                            "/nf-core/test-datasets/modules/data/genomics/sarscov2/illumina/fastq/test_1.fastq.gz"
                        ]
                    ],
                    [
                        {
                            "id": "single_end_no_fasta",
                            "run": "2",
                            "group": "group1",
                            "single_end": true
                        },
                        [
                            "/nf-core/test-datasets/modules/data/genomics/sarscov2/illumina/fastq/test_1.fastq.gz"
                        ]
                    ],
                    [
                        {
                            "id": "single_end_w_fasta",
                            "run": "1",
                            "group": "group1",
                            "single_end": true
                        },
                        [
                            "/nf-core/test-datasets/modules/data/genomics/sarscov2/illumina/fastq/test_1.fastq.gz"
                        ]
                    ]
                ],
                "1": [
                    [
                        {
                            "id": "fasta_no_run_or_group",
                            "run": "0",
                            "group": "fasta_no_run_or_group",
                            "single_end": true
                        },
                        "/nf-core/test-datasets/modules/data/genomics/sarscov2/genome/genome.fasta.gz"
                    ],
                    [
                        {
                            "id": "fasta_only",
                            "run": "1",
                            "group": "group1",
                            "single_end": true
                        },
                        "/nf-core/test-datasets/modules/data/genomics/sarscov2/genome/genome.fasta.gz"
                    ],
                    [
                        {
                            "id": "paired_end_w_fasta",
                            "run": "1",
                            "group": "group1",
                            "single_end": false
                        },
                        "/nf-core/test-datasets/modules/data/genomics/sarscov2/genome/genome.fasta.gz"
                    ],
                    [
                        {
                            "id": "single_end_w_fasta",
                            "run": "1",
                            "group": "group1",
                            "single_end": true
                        },
                        "/nf-core/test-datasets/modules/data/genomics/sarscov2/genome/genome.fasta.gz"
                    ]
                ],
                "2": [
                    
                ],
                "fastas": [
                    [
                        {
                            "id": "fasta_no_run_or_group",
                            "run": "0",
                            "group": "fasta_no_run_or_group",
                            "single_end": true
                        },
                        "/nf-core/test-datasets/modules/data/genomics/sarscov2/genome/genome.fasta.gz"
                    ],
                    [
                        {
                            "id": "fasta_only",
                            "run": "1",
                            "group": "group1",
                            "single_end": true
                        },
                        "/nf-core/test-datasets/modules/data/genomics/sarscov2/genome/genome.fasta.gz"
                    ],
                    [
                        {
                            "id": "paired_end_w_fasta",
                            "run": "1",
                            "group": "group1",
                            "single_end": false
                        },
                        "/nf-core/test-datasets/modules/data/genomics/sarscov2/genome/genome.fasta.gz"
                    ],
                    [
                        {
                            "id": "single_end_w_fasta",
                            "run": "1",
                            "group": "group1",
                            "single_end": true
                        },
                        "/nf-core/test-datasets/modules/data/genomics/sarscov2/genome/genome.fasta.gz"
                    ]
                ],
                "fastqs": [
                    [
                        {
                            "id": "paired_end_no_fasta",
                            "run": "1",
                            "group": "group1",
                            "single_end": false
                        },
                        [
                            "/nf-core/test-datasets/modules/data/genomics/sarscov2/illumina/fastq/test_1.fastq.gz",
                            "/nf-core/test-datasets/modules/data/genomics/sarscov2/illumina/fastq/test_2.fastq.gz"
                        ]
                    ],
                    [
                        {
                            "id": "paired_end_no_fasta",
                            "run": "2",
                            "group": "group1",
                            "single_end": false
                        },
                        [
                            "/nf-core/test-datasets/modules/data/genomics/sarscov2/illumina/fastq/test_1.fastq.gz",
                            "/nf-core/test-datasets/modules/data/genomics/sarscov2/illumina/fastq/test_2.fastq.gz"
                        ]
                    ],
                    [
                        {
                            "id": "paired_end_w_fasta",
                            "run": "1",
                            "group": "group1",
                            "single_end": false
                        },
                        [
                            "/nf-core/test-datasets/modules/data/genomics/sarscov2/illumina/fastq/test_1.fastq.gz",
                            "/nf-core/test-datasets/modules/data/genomics/sarscov2/illumina/fastq/test_2.fastq.gz"
                        ]
                    ],
                    [
                        {
                            "id": "single_end_no_fasta",
                            "run": "1",
                            "group": "group1",
                            "single_end": true
                        },
                        [
                            "/nf-core/test-datasets/modules/data/genomics/sarscov2/illumina/fastq/test_1.fastq.gz"
                        ]
                    ],
                    [
                        {
                            "id": "single_end_no_fasta",
                            "run": "2",
                            "group": "group1",
                            "single_end": true
                        },
                        [
                            "/nf-core/test-datasets/modules/data/genomics/sarscov2/illumina/fastq/test_1.fastq.gz"
                        ]
                    ],
                    [
                        {
                            "id": "single_end_w_fasta",
                            "run": "1",
                            "group": "group1",
                            "single_end": true
                        },
                        [
                            "/nf-core/test-datasets/modules/data/genomics/sarscov2/illumina/fastq/test_1.fastq.gz"
                        ]
                    ]
                ],
                "versions": [
                    
                ]
            }
        ],
        "meta": {
            "nf-test": "0.9.0",
            "nextflow": "24.04.4"
        },
        "timestamp": "2024-09-02T22:35:26.018366559"
    },
    "fasta only": {
        "content": [
            {
                "0": [
                    
                ],
                "1": [
                    [
                        {
                            "id": "/nf-core/test-datasets/modules/data/genomics/sarscov2/genome/genome.fasta.gz",
                            "run": 0,
                            "group": "/nf-core/test-datasets/modules/data/genomics/sarscov2/genome/genome.fasta.gz"
                        },
                        "/nf-core/test-datasets/modules/data/genomics/sarscov2/genome/genome.fasta.gz"
                    ],
                    [
                        {
                            "id": "/nf-core/test-datasets/modules/data/genomics/sarscov2/genome/proteome.fasta.gz",
                            "run": 0,
                            "group": "/nf-core/test-datasets/modules/data/genomics/sarscov2/genome/proteome.fasta.gz"
                        },
                        "/nf-core/test-datasets/modules/data/genomics/sarscov2/genome/proteome.fasta.gz"
                    ]
                ],
                "2": [
                    
                ],
                "fastas": [
                    [
                        {
                            "id": "/nf-core/test-datasets/modules/data/genomics/sarscov2/genome/genome.fasta.gz",
                            "run": 0,
                            "group": "/nf-core/test-datasets/modules/data/genomics/sarscov2/genome/genome.fasta.gz"
                        },
                        "/nf-core/test-datasets/modules/data/genomics/sarscov2/genome/genome.fasta.gz"
                    ],
                    [
                        {
                            "id": "/nf-core/test-datasets/modules/data/genomics/sarscov2/genome/proteome.fasta.gz",
                            "run": 0,
                            "group": "/nf-core/test-datasets/modules/data/genomics/sarscov2/genome/proteome.fasta.gz"
                        },
                        "/nf-core/test-datasets/modules/data/genomics/sarscov2/genome/proteome.fasta.gz"
                    ]
                ],
                "fastqs": [
                    
                ],
                "versions": [
                    
                ]
            }
        ],
        "meta": {
            "nf-test": "0.9.0",
            "nextflow": "24.04.4"
        },
        "timestamp": "2024-09-02T22:38:55.621387613"
    }
}