{
    "lambda - fasta": {
        "content": [
            [
                [
                    {
                        "id": "test"
                    },
                    "test_Host_prediction_to_genus.csv:md5,68256d4c474bd8ce37ab05e2a68a11a6"
                ]
            ],
            [
                [
                    {
                        "id": "test"
                    },
                    "test_Host_prediction_to_genome.csv:md5,4ff8baf261a77abcc020bc9886f44653"
                ]
            ],
            [
                "versions.yml:md5,a35d9cbfea9790601629ff6ce16062a7"
            ],
            "test_Detailed_output_by_tool.csv"
        ],
        "meta": {
            "nf-test": "0.9.0",
            "nextflow": "24.04.4"
        },
        "timestamp": "2024-10-15T09:29:50.707737954"
    },
    "stub": {
        "content": [
            {
                "0": [
                    [
                        {
                            "id": "test"
                        },
                        "test_Host_prediction_to_genus.csv:md5,d41d8cd98f00b204e9800998ecf8427e"
                    ]
                ],
                "1": [
                    [
                        {
                            "id": "test"
                        },
                        "test_Host_prediction_to_genome.csv:md5,d41d8cd98f00b204e9800998ecf8427e"
                    ]
                ],
                "2": [
                    [
                        {
                            "id": "test"
                        },
                        "test_Detailed_output_by_tool.csv:md5,d41d8cd98f00b204e9800998ecf8427e"
                    ]
                ],
                "3": [
                    "versions.yml:md5,a35d9cbfea9790601629ff6ce16062a7"
                ],
                "iphop_detailed_output": [
                    [
                        {
                            "id": "test"
                        },
                        "test_Detailed_output_by_tool.csv:md5,d41d8cd98f00b204e9800998ecf8427e"
                    ]
                ],
                "iphop_genome": [
                    [
                        {
                            "id": "test"
                        },
                        "test_Host_prediction_to_genome.csv:md5,d41d8cd98f00b204e9800998ecf8427e"
                    ]
                ],
                "iphop_genus": [
                    [
                        {
                            "id": "test"
                        },
                        "test_Host_prediction_to_genus.csv:md5,d41d8cd98f00b204e9800998ecf8427e"
                    ]
                ],
                "versions": [
                    "versions.yml:md5,a35d9cbfea9790601629ff6ce16062a7"
                ]
            }
        ],
        "meta": {
            "nf-test": "0.9.0",
            "nextflow": "24.04.4"
        },
        "timestamp": "2024-10-15T09:30:36.43500417"
    }
}